[shg-oss.esy.es/index.html]
[backblue.gif]
[fade.gif]
[index.html]
[shg-oss.esy.es/wp-content/themes/magicbook/index.html]
[shg-oss.esy.es/feed/index.html]
[shg-oss.esy.es/comments/feed/index.html]
[shg-oss.esy.es/wp-content/themes/magicbook/js/modernizr.custom.38010.js]
[shg-oss.esy.es/wp-includes/js/jquery/jqueryc1d8.js]
[shg-oss.esy.es/wp-includes/js/jquery/jquery-migrate.min1576.js]
[shg-oss.esy.es/xmlrpc0db0.php]
[shg-oss.esy.es/wp-json/index.html]
[shg-oss.esy.es/wp-includes/wlwmanifest.xml]
[shg-oss.esy.es/wp-content/themes/magicbook/img/necessity/loadinfo.net-2.gif]
[shg-oss.esy.es/wp-content/themes/magicbook/img/default_cover.jpg]
[shg-oss.esy.es/wp-content/themes/magicbook/img/default_cover@2x.jpg]
[shg-oss.esy.es/wp-content/themes/magicbook/img/necessity/page-corner.png]
[shg-oss.esy.es/wp-content/uploads/2014/09/제목-없는-그림-300x120.png]
[shg-oss.esy.es/wp-content/uploads/2014/09/act1_wordpress-300x186.png]
[shg-oss.esy.es/wp-content/uploads/2014/09/act2_AGPL-300x124.png]
[shg-oss.esy.es/wp-content/uploads/2014/09/그림15-1024x577.png]
[shg-oss.esy.es/wp-content/uploads/2014/09/그림4-1024x717.png]
[shg-oss.esy.es/wp-content/uploads/2014/09/그림5.png]
[shg-oss.esy.es/wp-content/uploads/2014/09/그림6-1024x615.png]
[shg-oss.esy.es/wp-content/uploads/2014/09/그림7-1024x415.png]
[shg-oss.esy.es/wp-content/uploads/2014/09/그림9.png]
[shg-oss.esy.es/wp-content/uploads/2014/09/그림8-1024x600.jpg]
[shg-oss.esy.es/wp-content/uploads/2014/09/그림10-1024x576.png]
[shg-oss.esy.es/wp-content/uploads/2014/09/그림14-1024x576.png]
[shg-oss.esy.es/wp-content/uploads/2014/09/그림13.png]
[shg-oss.esy.es/wp-content/uploads/2014/09/그림12.png]
[shg-oss.esy.es/wp-content/uploads/2014/09/1-1024x557.png]
[shg-oss.esy.es/wp-content/uploads/2014/09/그림1-1024x550.png]
[shg-oss.esy.es/wp-content/uploads/2014/09/그림2-1024x489.png]
[shg-oss.esy.es/wp-content/uploads/2014/09/그림3-1024x572.png]
[shg-oss.esy.es/wp-content/uploads/2014/09/ref_forum2.jpg]
[shg-oss.esy.es/wp-content/uploads/2014/09/act1_wordpress.png]
[shg-oss.esy.es/wp-content/uploads/2014/09/ref_git.png]
[shg-oss.esy.es/portfolio/my-lens/index.html]
[shg-oss.esy.es/portfolio/music-listening/index.html]
[shg-oss.esy.es/wp-content/uploads/2014/09/ref_homepage.jpg]
[shg-oss.esy.es/portfolio/video-show/index.html]
[shg-oss.esy.es/wp-content/uploads/2014/09/ref_forum1.jpg]
[shg-oss.esy.es/portfolio/the-catcher-in-the-rye/index.html]
[shg-oss.esy.es/wp-content/themes/magicbook/js/bjqs-1.3.js]
[shg-oss.esy.es/wp-content/themes/magicbook/js/jquery.easing.min.js]
[shg-oss.esy.es/wp-content/themes/magicbook/js/jquery.bookblock.js]
[shg-oss.esy.es/wp-content/themes/magicbook/js/colorbox/jquery.colorbox.js]
[shg-oss.esy.es/wp-content/plugins/js_composer/assets/lib/bower/isotope/dist/isotope.pkgd.min125b.js]
[shg-oss.esy.es/wp-content/themes/magicbook/js/jquerypp.custom.js]
[shg-oss.esy.es/wp-content/themes/magicbook/js/jquery.placeholder.js]
[shg-oss.esy.es/wp-content/themes/magicbook/js/perfect-scrollbar.min.js]
[shg-oss.esy.es/wp-content/themes/magicbook/js/jquery.mousewheel.js]
[shg-oss.esy.es/wp-content/plugins/js_composer/assets/lib/bower/flexslider/jquery.flexslider-min125b.js]
[shg-oss.esy.es/wp-content/themes/magicbook/js/classie.js]
[shg-oss.esy.es/wp-includes/js/hoverIntent.minc245.js]
[shg-oss.esy.es/wp-content/themes/magicbook/js/pushy.js]
[shg-oss.esy.es/wp-content/themes/magicbook/js/custom-for-wp.js]
[shg-oss.esy.es/wp-content/themes/magicbook/js/script.js]
[shg-oss.esy.es/wp-content/themes/magicbook/js/menu.js]
[shg-oss.esy.es/wp-includes/js/wp-embed.min4235.js]
[shg-oss.esy.es/wp-content/plugins/js_composer/assets/js/js_composer_front125b.js]
[shg-oss.esy.es/wp-content/plugins/js_composer/assets/lib/waypoints/waypoints.min125b.js]
[shg-oss.esy.es/wp-content/plugins/js_composer/assets/lib/vc_accordion/vc-accordion125b.js]
[shg-oss.esy.es/wp-content/plugins/js_composer/assets/lib/vc-tta-autoplay/vc-tta-autoplay125b.js]
[shg-oss.esy.es/wp-content/plugins/js_composer/assets/lib/vc_tabs/vc-tabs125b.js]
[shg-oss.esy.es/index.html]
[shg-oss.esy.es/wp-content/themes/magicbook/index.html]
[shg-oss.esy.es/wp-content/themes/magicbook/style.css]
[shg-oss.esy.es/wp-content/themes/magicbook/css/bookblock.css]
[shg-oss.esy.es/wp-content/themes/magicbook/img/necessity/loadinfo.net-1.gif]
[shg-oss.esy.es/wp-content/themes/magicbook/css/component.css]
[shg-oss.esy.es/wp-content/themes/magicbook/css/bjqs.css]
[shg-oss.esy.es/wp-content/themes/magicbook/css/perfect-scrollbar.min.css]
[shg-oss.esy.es/wp-content/themes/magicbook/css/reset.css]
[shg-oss.esy.es/wp-content/themes/magicbook/img/loader.gif]
[shg-oss.esy.es/wp-content/themes/magicbook/img/icons/user.png]
[shg-oss.esy.es/wp-content/themes/magicbook/img/icons/date.png]
[shg-oss.esy.es/wp-content/themes/magicbook/img/icons/category.png]
[shg-oss.esy.es/wp-content/themes/magicbook/img/icons/comment.png]
[shg-oss.esy.es/wp-content/themes/magicbook/img/icons/user@2x.png]
[shg-oss.esy.es/wp-content/themes/magicbook/img/icons/date@2x.png]
[shg-oss.esy.es/wp-content/themes/magicbook/img/icons/category@2x.png]
[shg-oss.esy.es/wp-content/themes/magicbook/img/icons/comment@2x.png]
[shg-oss.esy.es/wp-content/themes/magicbook/img/fancybox_img/fancybox_loading.gif]
[shg-oss.esy.es/wp-content/themes/magicbook/img/fancybox_img/fancybox_loading@2x.gif]
[shg-oss.esy.es/wp-content/themes/magicbook/css/main.css]
[shg-oss.esy.es/wp-content/themes/magicbook/custom.css]
[shg-oss.esy.es/wp-content/themes/magicbook/css/responsive.css]
[shg-oss.esy.es/wp-content/plugins/js_composer/assets/lib/bower/font-awesome/fonts/fontawesome-webfont78ce.eot]
[shg-oss.esy.es/wp-content/plugins/js_composer/assets/lib/bower/font-awesome/fonts/fontawesome-webfontd41d.eot]
[shg-oss.esy.es/wp-content/plugins/js_composer/assets/lib/bower/font-awesome/fonts/fontawesome-webfont78ce.woff]
[shg-oss.esy.es/wp-content/plugins/js_composer/assets/lib/bower/font-awesome/fonts/fontawesome-webfont78ce.ttf]
[shg-oss.esy.es/wp-content/plugins/js_composer/assets/lib/bower/font-awesome/css/font-awesome.min125b.css]
[shg-oss.esy.es/wp-content/plugins/js_composer/assets/lib/bower/flexslider/fonts/flexslider-icon.eot]
[shg-oss.esy.es/wp-content/plugins/js_composer/assets/lib/bower/flexslider/fonts/flexslider-icond41d.eot]
[shg-oss.esy.es/wp-content/plugins/js_composer/assets/lib/bower/flexslider/fonts/flexslider-icon.woff]
[shg-oss.esy.es/wp-content/plugins/js_composer/assets/lib/bower/flexslider/fonts/flexslider-icon.ttf]
[shg-oss.esy.es/wp-content/plugins/js_composer/assets/lib/bower/flexslider/flexslider125b.css]
[shg-oss.esy.es/wp-content/themes/magicbook/js/colorbox/images/loading.gif]
[shg-oss.esy.es/wp-content/themes/magicbook/js/colorbox/images/controls.png]
[shg-oss.esy.es/wp-content/themes/magicbook/js/colorbox/colorbox62ea.css]
[shg-oss.esy.es/wp-json/oembed/1.0/embedce22.json]
[shg-oss.esy.es/index4ab3.html]
[shg-oss.esy.es/portfolio/my-lens/feed/index.html]
[shg-oss.esy.es/wp-json/oembed/1.0/embed5b30]
[shg-oss.esy.es/wp-includes/js/comment-reply.min4235.js]
[shg-oss.esy.es/portfolio/my-lens/index.html]
[shg-oss.esy.es/wp-json/oembed/1.0/embed134b.json]
[shg-oss.esy.es/index5070.html]
[shg-oss.esy.es/wp-json/oembed/1.0/embedb390]
[shg-oss.esy.es/portfolio/music-listening/index.html]
[shg-oss.esy.es/portfolio/video-show/index.html]
[shg-oss.esy.es/portfolio/white-and-black/index.html]
[shg-oss.esy.es/wp-json/oembed/1.0/embed4b40.json]
[shg-oss.esy.es/indexd78c.html]
[shg-oss.esy.es/portfolio/the-catcher-in-the-rye/feed/index.html]
[shg-oss.esy.es/wp-json/oembed/1.0/embedd7db]
[shg-oss.esy.es/portfolio/the-catcher-in-the-rye/index.html]
[shg-oss.esy.es/wp-content/plugins/js_composer/assets/vc/alert.png]
[shg-oss.esy.es/wp-content/plugins/js_composer/assets/vc/info.png]
[shg-oss.esy.es/wp-content/plugins/js_composer/assets/vc/tick.png]
[shg-oss.esy.es/wp-content/plugins/js_composer/assets/vc/exclamation.png]
[shg-oss.esy.es/wp-content/plugins/js_composer/assets/images/icons/address-book.png]
[shg-oss.esy.es/wp-content/plugins/js_composer/assets/images/icons/alarm-clock.png]
[shg-oss.esy.es/wp-content/plugins/js_composer/assets/images/icons/anchor.png]
[shg-oss.esy.es/wp-content/plugins/js_composer/assets/images/icons/application-image.png]
[shg-oss.esy.es/wp-content/plugins/js_composer/assets/images/icons/arrow.png]
[shg-oss.esy.es/wp-content/plugins/js_composer/assets/images/icons/asterisk.png]
[shg-oss.esy.es/wp-content/plugins/js_composer/assets/images/icons/auction-hammer.png]
[shg-oss.esy.es/wp-content/plugins/js_composer/assets/images/icons/balloon.png]
[shg-oss.esy.es/wp-content/plugins/js_composer/assets/images/icons/balloon-buzz.png]
[shg-oss.esy.es/wp-content/plugins/js_composer/assets/images/icons/balloon-facebook.png]
[shg-oss.esy.es/wp-content/plugins/js_composer/assets/images/icons/balloon-twitter.png]
[shg-oss.esy.es/wp-content/plugins/js_composer/assets/images/icons/battery-full.png]
[shg-oss.esy.es/wp-content/plugins/js_composer/assets/images/icons/binocular.png]
[shg-oss.esy.es/wp-content/plugins/js_composer/assets/images/icons/blue-document-excel.png]
[shg-oss.esy.es/wp-content/plugins/js_composer/assets/images/icons/blue-document-image.png]
[shg-oss.esy.es/wp-content/plugins/js_composer/assets/images/icons/blue-document-music.png]
[shg-oss.esy.es/wp-content/plugins/js_composer/assets/images/icons/blue-document-office.png]
[shg-oss.esy.es/wp-content/plugins/js_composer/assets/images/icons/blue-document-pdf.png]
[shg-oss.esy.es/wp-content/plugins/js_composer/assets/images/icons/blue-document-powerpoint.png]
[shg-oss.esy.es/wp-content/plugins/js_composer/assets/images/icons/blue-document-word.png]
[shg-oss.esy.es/wp-content/plugins/js_composer/assets/images/icons/bookmark.png]
[shg-oss.esy.es/wp-content/plugins/js_composer/assets/images/icons/camcorder.png]
[shg-oss.esy.es/wp-content/plugins/js_composer/assets/images/icons/camera.png]
[shg-oss.esy.es/wp-content/plugins/js_composer/assets/images/icons/chart.png]
[shg-oss.esy.es/wp-content/plugins/js_composer/assets/images/icons/chart-pie.png]
[shg-oss.esy.es/wp-content/plugins/js_composer/assets/images/icons/clock.png]
[shg-oss.esy.es/wp-content/plugins/js_composer/assets/images/icons/control.png]
[shg-oss.esy.es/wp-content/plugins/js_composer/assets/images/icons/fire.png]
[shg-oss.esy.es/wp-content/plugins/js_composer/assets/images/icons/heart.png]
[shg-oss.esy.es/wp-content/plugins/js_composer/assets/images/icons/mail.png]
[shg-oss.esy.es/wp-content/plugins/js_composer/assets/images/icons/plus-shield.png]
[shg-oss.esy.es/wp-content/plugins/js_composer/assets/images/icons/video.png]
[shg-oss.esy.es/wp-content/plugins/js_composer/assets/images/toggle_open.png]
[shg-oss.esy.es/wp-content/plugins/js_composer/assets/images/toggle_close.png]
[shg-oss.esy.es/wp-content/plugins/js_composer/assets/images/flickr.png]
[shg-oss.esy.es/wp-content/plugins/js_composer/assets/fonts/vc_grid/vc_grid_v157a1.eot]
[shg-oss.esy.es/wp-content/plugins/js_composer/assets/fonts/vc_grid/vc_grid_v1d41d.eot]
[shg-oss.esy.es/wp-content/plugins/js_composer/assets/fonts/vc_grid/vc_grid_v157a1.woff]
[shg-oss.esy.es/wp-content/plugins/js_composer/assets/fonts/vc_grid/vc_grid_v157a1.ttf]
[shg-oss.esy.es/wp-content/plugins/js_composer/assets/css/js_composer125b.css]
[shg-oss.esy.es/wp-content/themes/magicbook/vc_extends/vc_custom.css]
[shg-oss.esy.es/wp-content/plugins/js_composer/assets/lib/bower/font-awesome/fonts/fontawesome-webfont78ce.svg]
[shg-oss.esy.es/wp-content/plugins/js_composer/assets/lib/bower/flexslider/fonts/flexslider-icon.svg]
[shg-oss.esy.es/index4ab3.html]
[shg-oss.esy.es/index5070.html]
[shg-oss.esy.es/wp-json/oembed/1.0/embed9906.json]
[shg-oss.esy.es/index7737.html]
[shg-oss.esy.es/portfolio/white-and-black/feed/index.html]
[shg-oss.esy.es/wp-json/oembed/1.0/embedbb1b]
[shg-oss.esy.es/portfolio/white-and-black/index.html]
[shg-oss.esy.es/indexd78c.html]
[shg-oss.esy.es/wp-content/plugins/js_composer/assets/vc/blur.svg]
[shg-oss.esy.es/wp-content/plugins/js_composer/assets/fonts/vc_grid/vc_grid_v157a1.svg]
[shg-oss.esy.es/index7737.html]
